[final-integrity] Loading 5m...
  control bands 5m...
  done 5m
[final-integrity] Loading 15m...
  control bands 15m...
  done 15m
[final-integrity] Loading 30m...
  control bands 30m...
  done 30m
[final-integrity] Loading 1H...
  control bands 1H...
  done 1H
[final-integrity] Loading 2H...
  control bands 2H...
  done 2H
[final-integrity] Loading 4H...
  control bands 4H...
  done 4H
[final-integrity] Loading 6H...
  control bands 6H...
  done 6H
[final-integrity] Loading 8H...
  control bands 8H...
  done 8H
[final-integrity] Loading 12H...
  control bands 12H...
  done 12H
[final-integrity] Loading 1D...
  control bands 1D...
  done 1D
[final-integrity] aggregating...
fatal: не найден git репозиторий (или один из родительских каталогов): .git
{
  "WIP": "OSCILLATOR-PREDICTOR-HISTORICAL-EVENT-STUDY-1",
  "MODE": "FINAL-CONTROL-UNIVERSE-AND-RISK-METRICS-FIX-1",
  "base_commit": "c06418e197b3d1a206c208328891493d997a43a8",
  "predictor_authority_commit": "6b1e34e4dffb469e0b9392c33d20e5689a2cdfe2",
  "COMMON_ELIGIBILITY_UNIVERSE": "PASS",
  "COMMON_BASE_RATE_IDENTICAL_ACROSS_CONTROLS": "PASS",
  "EVENT_FREQUENCY_DENOMINATOR_PARITY": "PASS",
  "DYNAMIC_VS_DNO_QUANTILE": "MIXED",
  "DYNAMIC_VS_ATR": "MIXED",
  "MFE_MAE_EXACT_HORIZON": "PASS",
  "RISK_METRICS_PCT_AND_ATR_COMPLETE": "PASS",
  "FUTURE_EVENT_OUTCOME_NOT_IN_FEATURES": "PASS",
  "DNO_VISUAL_SUBPLOT": "PASS",
  "BASE_RATE_ASSOCIATION": "SUPPORTED",
  "FORECAST_REALIZATION_EFFECT": "SUPPORTED",
  "LOW_TF_STABILITY": "STABLE_POSITIVE",
  "HIGH_TF_STABILITY": "UNSTABLE",
  "RESEARCH_VERDICT": "PREDICTOR_EFFECT_WEAK",
  "PARAMETER_OPTIMIZATION_PERFORMED": "NO",
  "SIGNAL_COMBINATION_SEARCH_PERFORMED": "NO",
  "TRADING_STRATEGY_PERFORMED": "NO",
  "TRADING_PNL_PERFORMED": "NO",
  "OOS_OPENED": "NO",
  "OOS_ACCESS_COUNT": 0,
  "CANONICAL_MARKET_DATA_HOST": "S7",
  "COMPUTE_HOST": "S13",
  "S13_CACHE_SOURCE": "S7",
  "ORIGINAL_STUDY_PRESERVED": "YES",
  "METHODOLOGY_FIX_PRESERVED": "YES",
  "FINAL_ARTIFACT_ROOT": "artifacts/OSCILLATOR-PREDICTOR-HISTORICAL-EVENT-STUDY-1/FINAL_INTEGRITY_V1",
  "git_commit": "UNKNOWN",
  "ROADMAP_STATUS": "REVIEW",
  "READY_TO_CLOSE_WIP": "YES"
}
