[methodology-fix] Loading 5m...
  control bands 5m (n_decisions=431331)...
  done 5m
[methodology-fix] Loading 15m...
  control bands 15m (n_decisions=143779)...
  done 15m
[methodology-fix] Loading 30m...
  control bands 30m (n_decisions=71894)...
  done 30m
[methodology-fix] Loading 1H...
  control bands 1H (n_decisions=35953)...
  done 1H
[methodology-fix] Loading 2H...
  control bands 2H (n_decisions=17984)...
  done 2H
[methodology-fix] Loading 4H...
  control bands 4H (n_decisions=8997)...
  done 4H
[methodology-fix] Loading 6H...
  control bands 6H (n_decisions=6000)...
  done 6H
[methodology-fix] Loading 8H...
  control bands 8H (n_decisions=4500)...
  done 8H
[methodology-fix] Loading 12H...
  control bands 12H (n_decisions=3000)...
  done 12H
[methodology-fix] Loading 1D...
  control bands 1D (n_decisions=1500)...
  done 1D
[methodology-fix] aggregating...
fatal: не найден git репозиторий (или один из родительских каталогов): .git
{
  "WIP": "OSCILLATOR-PREDICTOR-HISTORICAL-EVENT-STUDY-1",
  "MODE": "INDEPENDENT-METHODOLOGY-REVIEW-FIX-1",
  "ORIGINAL_STUDY_PRESERVED": "YES",
  "INDEPENDENT_REVIEW_STATUS": "METHODOLOGY_FIX_REQUIRED",
  "original_verdict_preserved": "PREDICTOR_EFFECT_SUPPORTED",
  "fixed_config": "7 / 2 / 100 / 5 / 0.80",
  "target_aggregation": "PROJECT_MEAN_CONFIRMED_EXTREMA_V1",
  "predictor_authority_commit": "6b1e34e4dffb469e0b9392c33d20e5689a2cdfe2",
  "QUANTILE_FORECAST_EVENT_CAUSALITY": "PASS",
  "QUANTILE_MOVING_BAND_CROSS_REFERENCE": "PASS",
  "ATR_CONTROL_NONZERO_EVENT_COUNT": "PASS",
  "ATR_FORECAST_EVENT_REFERENCE": "PASS",
  "CONTROL_COMPARISON_APPLES_TO_APPLES": "PASS",
  "DISCOVERY_OUTCOME_CROSSES_VALIDATION": "NO",
  "VALIDATION_OUTCOME_CROSSES_END": "NO",
  "BATCH_STREAMING_VALUE_PARITY": "PASS",
  "HTF_COMPLETION_CAUSALITY": "INHERITED_FROM_PREDICTOR_AUTHORITY:6b1e34e4",
  "GAP_SEGMENT_POLICY": "INHERITED_FROM_PREDICTOR_AUTHORITY:6b1e34e4",
  "FUTURE_PRICE_MUTATION": "PASS",
  "DISTANCE_CALIBRATION_DISCOVERY": "MONOTONIC_DECREASING",
  "DISTANCE_CALIBRATION_VALIDATION": "MOSTLY_MONOTONIC_DECREASING",
  "BASE_RATE_ASSOCIATION": "SUPPORTED",
  "FORECAST_REALIZATION_EFFECT": "SUPPORTED",
  "DYNAMIC_VS_DNO_QUANTILE": "MIXED",
  "DYNAMIC_VS_ATR": "MIXED",
  "LOW_TF_STABILITY": "STABLE_POSITIVE",
  "HIGH_TF_STABILITY": "UNSTABLE",
  "RESEARCH_VERDICT": "PREDICTOR_EFFECT_WEAK",
  "REAL_EVENT_VISUAL_AUDIT": "PASS",
  "GEOMETRY_CONTEXT_AVAILABLE": "NO",
  "TOTAL_DYNAMIC_FORECAST_OB_DISCOVERY": 47434,
  "TOTAL_DYNAMIC_FORECAST_OS_DISCOVERY": 46630,
  "TOTAL_DYNAMIC_FORECAST_OB_VALIDATION": 15027,
  "TOTAL_DYNAMIC_FORECAST_OS_VALIDATION": 14923,
  "TOTAL_QUANTILE_FORECAST_EVENTS": 144832,
  "TOTAL_ATR_FORECAST_EVENTS": 81725,
  "PARAMETER_OPTIMIZATION_PERFORMED": "NO",
  "SIGNAL_COMBINATION_SEARCH_PERFORMED": "NO",
  "TRADING_STRATEGY_PERFORMED": "NO",
  "TRADING_PNL_PERFORMED": "NO",
  "OOS_OPENED": "NO",
  "OOS_ACCESS_COUNT": 0,
  "CANONICAL_MARKET_DATA_HOST": "S7",
  "COMPUTE_HOST": "S13",
  "S13_CACHE_SOURCE": "S7",
  "DIRECT_EXCHANGE_DOWNLOAD_ON_S13": "NO",
  "ARTIFACT_ROOT": "/var/tmp/traiding_pilot_ui_workspace/artifacts/OSCILLATOR-PREDICTOR-HISTORICAL-EVENT-STUDY-1",
  "FIX_ARTIFACT_ROOT": "/var/tmp/traiding_pilot_ui_workspace/artifacts/OSCILLATOR-PREDICTOR-HISTORICAL-EVENT-STUDY-1/METHODOLOGY_FIX_V1",
  "git_commit": "UNKNOWN",
  "ROADMAP_STATUS": "REVIEW",
  "READY_FOR_FINAL_INDEPENDENT_REVIEW": "YES"
}
--- RETURN BLOCK ---
WIP=OSCILLATOR-PREDICTOR-HISTORICAL-EVENT-STUDY-1
MODE=INDEPENDENT-METHODOLOGY-REVIEW-FIX-1
ORIGINAL_STUDY_PRESERVED=YES
QUANTILE_FORECAST_EVENT_CAUSALITY=PASS
QUANTILE_MOVING_BAND_CROSS_REFERENCE=PASS
ATR_CONTROL_NONZERO_EVENT_COUNT=PASS
ATR_FORECAST_EVENT_REFERENCE=PASS
CONTROL_COMPARISON_APPLES_TO_APPLES=PASS
DISCOVERY_OUTCOME_CROSSES_VALIDATION=NO
VALIDATION_OUTCOME_CROSSES_END=NO
BATCH_STREAMING_VALUE_PARITY=PASS
DISTANCE_CALIBRATION_DISCOVERY=MONOTONIC_DECREASING
DISTANCE_CALIBRATION_VALIDATION=MOSTLY_MONOTONIC_DECREASING
BASE_RATE_ASSOCIATION=SUPPORTED
FORECAST_REALIZATION_EFFECT=SUPPORTED
DYNAMIC_VS_DNO_QUANTILE=MIXED
DYNAMIC_VS_ATR=MIXED
LOW_TF_STABILITY=STABLE_POSITIVE
HIGH_TF_STABILITY=UNSTABLE
REAL_EVENT_VISUAL_AUDIT=PASS
GEOMETRY_CONTEXT_AVAILABLE=NO
TOTAL_DYNAMIC_FORECAST_OB_DISCOVERY=47434
TOTAL_DYNAMIC_FORECAST_OS_DISCOVERY=46630
TOTAL_DYNAMIC_FORECAST_OB_VALIDATION=15027
TOTAL_DYNAMIC_FORECAST_OS_VALIDATION=14923
TOTAL_QUANTILE_FORECAST_EVENTS=144832
TOTAL_ATR_FORECAST_EVENTS=81725
RESEARCH_VERDICT=PREDICTOR_EFFECT_WEAK
PARAMETER_OPTIMIZATION_PERFORMED=NO
SIGNAL_COMBINATION_SEARCH_PERFORMED=NO
TRADING_STRATEGY_PERFORMED=NO
TRADING_PNL_PERFORMED=NO
OOS_OPENED=NO
OOS_ACCESS_COUNT=0
ARTIFACT_ROOT=/var/tmp/traiding_pilot_ui_workspace/artifacts/OSCILLATOR-PREDICTOR-HISTORICAL-EVENT-STUDY-1
git_commit=UNKNOWN
ROADMAP_STATUS=REVIEW
READY_FOR_FINAL_INDEPENDENT_REVIEW=YES

